// Jest Snapshot v1, https://goo.gl/fbAQLP

exports[`color-mix-alpha correctly mixes colors 1`] = `
"
.demo {
  background: color-mix(in srgb, #f00, transparent 50%);
  border: calc(0.0625rem * var(--mantine-scale)) solid color-mix(in srgb, var(--mantine-color-gray-4), transparent 90%);
}
"
`;
