// Jest Snapshot v1, https://goo.gl/fbAQLP

exports[`mixin-light-dark transforms light and dark mixins correctly 1`] = `
"
[data-mantine-color-scheme='light'] .demo {
    color: red
}
  [data-mantine-color-scheme='dark'] .demo {
    color: blue
}
"
`;
